>> 8 node host(s); orchestrator co-located on ubuntu@ec2-100-58-106-8.compute-1.amazonaws.com
>> SYNC=0: reusing the EXISTING remote build; mixnet/ and any local edits are NOT deployed
>> orchestrator IP (as seen by nodes): 172.31.16.145
>> [ubuntu@ec2-100-58-106-8.compute-1.amazonaws.com] starting orchestrator: testcase_rtt_full_mesh
[Testing] Starting testcase_rtt_full_mesh...
[Orchestrator] Started listening on port 9107
>> node logs: /tmp/tmp.kIN2YXxiF1
>> [ubuntu@ec2-100-58-106-8.compute-1.amazonaws.com] starting node -> 172.31.16.145:9107
>> [ubuntu@ec2-52-91-170-163.compute-1.amazonaws.com] starting node -> 172.31.16.145:9107
>> [ubuntu@ec2-32-199-168-18.compute-1.amazonaws.com] starting node -> 172.31.16.145:9107
>> [ubuntu@ec2-54-221-45-78.compute-1.amazonaws.com] starting node -> 172.31.16.145:9107
>> [ubuntu@ec2-98-81-157-241.compute-1.amazonaws.com] starting node -> 172.31.16.145:9107
>> [ubuntu@ec2-54-90-190-90.compute-1.amazonaws.com] starting node -> 172.31.16.145:9107
>> [ubuntu@ec2-107-20-131-82.compute-1.amazonaws.com] starting node -> 172.31.16.145:9107
>> [ubuntu@ec2-54-87-140-254.compute-1.amazonaws.com] starting node -> 172.31.16.145:9107
[Orchestrator] Fragments returned OK
[Orchestrator] Exiting normally
[Testing] PASS testcase_rtt_full_mesh
=============================================================
(no [STP] line — check the output above for errors)
---- per-host node logs ----
-------- ubuntu_ec2-100-58-106-8.compute-1.amazonaws.com.log --------
[Fragment] Connected to orchestrator, assigned ID 5
[Fragment 5] Exiting normally
-------- ubuntu_ec2-107-20-131-82.compute-1.amazonaws.com.log --------
[Fragment] Connected to orchestrator, assigned ID 0
RTT to 7: 444 us
[Fragment 0] Exiting normally
-------- ubuntu_ec2-32-199-168-18.compute-1.amazonaws.com.log --------
[Fragment] Connected to orchestrator, assigned ID 7
[Fragment 7] Exiting normally
-------- ubuntu_ec2-52-91-170-163.compute-1.amazonaws.com.log --------
[Fragment] Connected to orchestrator, assigned ID 2
[Fragment 2] Exiting normally
-------- ubuntu_ec2-54-221-45-78.compute-1.amazonaws.com.log --------
[Fragment] Connected to orchestrator, assigned ID 6
[Fragment 6] Exiting normally
-------- ubuntu_ec2-54-87-140-254.compute-1.amazonaws.com.log --------
[Fragment] Connected to orchestrator, assigned ID 1
[Fragment 1] Exiting normally
-------- ubuntu_ec2-54-90-190-90.compute-1.amazonaws.com.log --------
[Fragment] Connected to orchestrator, assigned ID 4
[Fragment 4] Exiting normally
-------- ubuntu_ec2-98-81-157-241.compute-1.amazonaws.com.log --------
[Fragment] Connected to orchestrator, assigned ID 3
[Fragment 3] Exiting normally
